// Vitest Snapshot v1, https://vitest.dev/guide/snapshot.html

exports[`StoriesDisplay > should match snapshot 1`] = `
<div>
  <div
    class="grid grid-cols-4 gap-8"
  >
    <aside
      class="sticky top-4 col-span-1 h-[80vh]"
    >
      <div
        class="h-full my-4 p-4 rounded-2xl border border-gray-200"
        data-testid="panel-component"
      >
        <div
          class="mb-4"
        >
          <div
            class="relative"
          >
            <label
              for="story-search"
            >
              
            </label>
             
            <input
              class="h-9 w-full p-1 border border-gray-300 rounded-xs focus:outline-2 focus:outline-yellow-300 pl-8 pr-4 svelte-1auzwdn"
              id="story-search"
              placeholder="Search stories"
              type="text"
            />
             
            <!---->
             
            <div
              class="absolute left-2 top-1/2 mt-0.5 -translate-y-1/2 transform"
            >
              <svg
                aria-hidden="true"
                class="fill-neutral-400"
                height="1.2rem"
                viewBox="0 -960 960 960"
                width="1.2rem"
                xmlns="http://www.w3.org/2000/svg"
              >
                <!---->
                <path
                  d="M784-120 532-372q-30 24-69 38t-83 14q-109 0-184.5-75.5T120-580q0-109 75.5-184.5T380-840q109 0 184.5 75.5T640-580q0 44-14 83t-38 69l252 252-56 56ZM380-400q75 0 127.5-52.5T560-580q0-75-52.5-127.5T380-760q-75 0-127.5 52.5T200-580q0 75 52.5 127.5T380-400Z"
                  xmlns="http://www.w3.org/2000/svg"
                />
                <!---->
              </svg>
              <!---->
            </div>
            <!---->
          </div>
          <!---->
        </div>
         
        <ul
          class="flex flex-col gap-2"
        >
          <!---->
           
          <li>
            <!---->
            <!---->
            <button
              aria-pressed="false"
              class="w-full text-md cursor-pointer rounded-md py-1 px-2 border border-gray-300 bg-neutral-100 transition-colors duration-300 self-start inline-flex gap-1 items-center hover:bg-gray-100 svelte-1d0mdzt"
              data-variant="gray"
              role="button"
              tabindex="0"
            >
              <!---->
              <!---->
              <div
                class="flex w-full items-center justify-between gap-2"
              >
                <div
                  class="flex gap-1 items-center"
                >
                  <!---->
                   
                  <h2
                    class="font-medium"
                  >
                    General
                  </h2>
                  <!---->
                </div>
                 
                <div
                  class="flex items-center gap-0.5 shrink-0 mx-1"
                >
                  <div
                    class="transition-transform rotate-90"
                  >
                    <svg
                      aria-hidden="true"
                      class="fill-neutral-500"
                      height="1rem"
                      viewBox="0 -960 960 960"
                      width="1rem"
                      xmlns="http://www.w3.org/2000/svg"
                    >
                      <!---->
                      <path
                        d="M504-480 320-664l56-56 240 240-240 240-56-56 184-184Z"
                        xmlns="http://www.w3.org/2000/svg"
                      />
                      <!---->
                    </svg>
                    <!---->
                  </div>
                   
                  <!---->
                </div>
              </div>
              
              
              
            </button>
            
            <!---->
             
            <div
              class="bg-transparent border-transparent p-0 pt-2 rounded-b-lg border border-t-0"
            >
              <!---->
              <a
                class="block w-full h-full ml-2 px-2 py-1 rounded-lg transition-colors text-neutral-700 hover:text-pink-500 hover:bg-neutral-100"
                href="/stories?selected=Progress"
              >
                Progress
              </a>
              <a
                class="block w-full h-full ml-2 px-2 py-1 rounded-lg transition-colors text-neutral-700 hover:text-pink-500 hover:bg-neutral-100"
                href="/stories?selected=Header"
              >
                Header
              </a>
              <a
                class="block w-full h-full ml-2 px-2 py-1 rounded-lg transition-colors text-neutral-700 hover:text-pink-500 hover:bg-neutral-100"
                href="/stories?selected=Footer"
              >
                Footer
              </a>
              <a
                class="block w-full h-full ml-2 px-2 py-1 rounded-lg transition-colors text-neutral-700 hover:text-pink-500 hover:bg-neutral-100"
                href="/stories?selected=Accordion"
              >
                Accordion
              </a>
              <a
                class="block w-full h-full ml-2 px-2 py-1 rounded-lg transition-colors text-neutral-700 hover:text-pink-500 hover:bg-neutral-100"
                href="/stories?selected=Panel"
              >
                Panel
              </a>
              <a
                class="block w-full h-full ml-2 px-2 py-1 rounded-lg transition-colors text-neutral-700 hover:text-pink-500 hover:bg-neutral-100"
                href="/stories?selected=Chart"
              >
                Chart
              </a>
              <a
                class="block w-full h-full ml-2 px-2 py-1 rounded-lg transition-colors text-neutral-700 hover:text-pink-500 hover:bg-neutral-100"
                href="/stories?selected=DataTable"
              >
                DataTable
              </a>
              <a
                class="block w-full h-full ml-2 px-2 py-1 rounded-lg transition-colors text-neutral-700 hover:text-pink-500 hover:bg-neutral-100"
                href="/stories?selected=Alert"
              >
                Alert
              </a>
              
              <!---->
            </div>
            <!---->
            <!---->
          </li>
          <li>
            <!---->
            <!---->
            <button
              aria-pressed="false"
              class="w-full text-md cursor-pointer rounded-md py-1 px-2 border border-gray-300 bg-neutral-100 transition-colors duration-300 self-start inline-flex gap-1 items-center hover:bg-gray-100 svelte-1d0mdzt"
              data-variant="gray"
              role="button"
              tabindex="0"
            >
              <!---->
              <!---->
              <div
                class="flex w-full items-center justify-between gap-2"
              >
                <div
                  class="flex gap-1 items-center"
                >
                  <!---->
                   
                  <h2
                    class="font-medium"
                  >
                    Dashboard
                  </h2>
                  <!---->
                </div>
                 
                <div
                  class="flex items-center gap-0.5 shrink-0 mx-1"
                >
                  <div
                    class="transition-transform rotate-90"
                  >
                    <svg
                      aria-hidden="true"
                      class="fill-neutral-500"
                      height="1rem"
                      viewBox="0 -960 960 960"
                      width="1rem"
                      xmlns="http://www.w3.org/2000/svg"
                    >
                      <!---->
                      <path
                        d="M504-480 320-664l56-56 240 240-240 240-56-56 184-184Z"
                        xmlns="http://www.w3.org/2000/svg"
                      />
                      <!---->
                    </svg>
                    <!---->
                  </div>
                   
                  <!---->
                </div>
              </div>
              
              
              
            </button>
            
            <!---->
             
            <div
              class="bg-transparent border-transparent p-0 pt-2 rounded-b-lg border border-t-0"
            >
              <!---->
              <a
                class="block w-full h-full ml-2 px-2 py-1 rounded-lg transition-colors text-neutral-700 hover:text-pink-500 hover:bg-neutral-100"
                href="/stories?selected=DemographicGroup"
              >
                DemographicGroup
              </a>
              
              <!---->
            </div>
            <!---->
            <!---->
          </li>
          <li>
            <!---->
            <!---->
            <button
              aria-pressed="false"
              class="w-full text-md cursor-pointer rounded-md py-1 px-2 border border-gray-300 bg-neutral-100 transition-colors duration-300 self-start inline-flex gap-1 items-center hover:bg-gray-100 svelte-1d0mdzt"
              data-variant="gray"
              role="button"
              tabindex="0"
            >
              <!---->
              <!---->
              <div
                class="flex w-full items-center justify-between gap-2"
              >
                <div
                  class="flex gap-1 items-center"
                >
                  <!---->
                   
                  <h2
                    class="font-medium"
                  >
                    Respondent Detail
                  </h2>
                  <!---->
                </div>
                 
                <div
                  class="flex items-center gap-0.5 shrink-0 mx-1"
                >
                  <div
                    class="transition-transform rotate-90"
                  >
                    <svg
                      aria-hidden="true"
                      class="fill-neutral-500"
                      height="1rem"
                      viewBox="0 -960 960 960"
                      width="1rem"
                      xmlns="http://www.w3.org/2000/svg"
                    >
                      <!---->
                      <path
                        d="M504-480 320-664l56-56 240 240-240 240-56-56 184-184Z"
                        xmlns="http://www.w3.org/2000/svg"
                      />
                      <!---->
                    </svg>
                    <!---->
                  </div>
                   
                  <!---->
                </div>
              </div>
              
              
              
            </button>
            
            <!---->
             
            <div
              class="bg-transparent border-transparent p-0 pt-2 rounded-b-lg border border-t-0"
            >
              <!---->
              <a
                class="block w-full h-full ml-2 px-2 py-1 rounded-lg transition-colors text-neutral-700 hover:text-pink-500 hover:bg-neutral-100"
                href="/stories?selected=RespondentSidebarItem"
              >
                RespondentSidebarItem
              </a>
              
              <!---->
            </div>
            <!---->
            <!---->
          </li>
          <li>
            <!---->
            <!---->
            <button
              aria-pressed="false"
              class="w-full text-md cursor-pointer rounded-md py-1 px-2 border border-gray-300 bg-neutral-100 transition-colors duration-300 self-start inline-flex gap-1 items-center hover:bg-gray-100 svelte-1d0mdzt"
              data-variant="gray"
              role="button"
              tabindex="0"
            >
              <!---->
              <!---->
              <div
                class="flex w-full items-center justify-between gap-2"
              >
                <div
                  class="flex gap-1 items-center"
                >
                  <!---->
                   
                  <h2
                    class="font-medium"
                  >
                    Finalising Themes
                  </h2>
                  <!---->
                </div>
                 
                <div
                  class="flex items-center gap-0.5 shrink-0 mx-1"
                >
                  <div
                    class="transition-transform rotate-90"
                  >
                    <svg
                      aria-hidden="true"
                      class="fill-neutral-500"
                      height="1rem"
                      viewBox="0 -960 960 960"
                      width="1rem"
                      xmlns="http://www.w3.org/2000/svg"
                    >
                      <!---->
                      <path
                        d="M504-480 320-664l56-56 240 240-240 240-56-56 184-184Z"
                        xmlns="http://www.w3.org/2000/svg"
                      />
                      <!---->
                    </svg>
                    <!---->
                  </div>
                   
                  <!---->
                </div>
              </div>
              
              
              
            </button>
            
            <!---->
             
            <div
              class="bg-transparent border-transparent p-0 pt-2 rounded-b-lg border border-t-0"
            >
              <!---->
              <a
                class="block w-full h-full ml-2 px-2 py-1 rounded-lg transition-colors text-neutral-700 hover:text-pink-500 hover:bg-neutral-100"
                href="/stories?selected=ThemeForm"
              >
                ThemeForm
              </a>
              <a
                class="block w-full h-full ml-2 px-2 py-1 rounded-lg transition-colors text-neutral-700 hover:text-pink-500 hover:bg-neutral-100"
                href="/stories?selected=SelectedThemeCard"
              >
                SelectedThemeCard
              </a>
              <a
                class="block w-full h-full ml-2 px-2 py-1 rounded-lg transition-colors text-neutral-700 hover:text-pink-500 hover:bg-neutral-100"
                href="/stories?selected=ResponsesList"
              >
                ResponsesList
              </a>
              <a
                class="block w-full h-full ml-2 px-2 py-1 rounded-lg transition-colors text-neutral-700 hover:text-pink-500 hover:bg-neutral-100"
                href="/stories?selected=GeneratedThemeCard"
              >
                GeneratedThemeCard
              </a>
              
              <!---->
            </div>
            <!---->
            <!---->
          </li>
          <li>
            <!---->
            <!---->
            <button
              aria-pressed="false"
              class="w-full text-md cursor-pointer rounded-md py-1 px-2 border border-gray-300 bg-neutral-100 transition-colors duration-300 self-start inline-flex gap-1 items-center hover:bg-gray-100 svelte-1d0mdzt"
              data-variant="gray"
              role="button"
              tabindex="0"
            >
              <!---->
              <!---->
              <div
                class="flex w-full items-center justify-between gap-2"
              >
                <div
                  class="flex gap-1 items-center"
                >
                  <!---->
                   
                  <h2
                    class="font-medium"
                  >
                    Screens
                  </h2>
                  <!---->
                </div>
                 
                <div
                  class="flex items-center gap-0.5 shrink-0 mx-1"
                >
                  <div
                    class="transition-transform rotate-90"
                  >
                    <svg
                      aria-hidden="true"
                      class="fill-neutral-500"
                      height="1rem"
                      viewBox="0 -960 960 960"
                      width="1rem"
                      xmlns="http://www.w3.org/2000/svg"
                    >
                      <!---->
                      <path
                        d="M504-480 320-664l56-56 240 240-240 240-56-56 184-184Z"
                        xmlns="http://www.w3.org/2000/svg"
                      />
                      <!---->
                    </svg>
                    <!---->
                  </div>
                   
                  <!---->
                </div>
              </div>
              
              
              
            </button>
            
            <!---->
             
            <div
              class="bg-transparent border-transparent p-0 pt-2 rounded-b-lg border border-t-0"
            >
              <!---->
              <a
                class="block w-full h-full ml-2 px-2 py-1 rounded-lg transition-colors text-neutral-700 hover:text-pink-500 hover:bg-neutral-100"
                href="/stories?selected=FinalisingThemesDetail"
              >
                FinalisingThemesDetail
              </a>
              <a
                class="block w-full h-full ml-2 px-2 py-1 rounded-lg transition-colors text-neutral-700 hover:text-pink-500 hover:bg-neutral-100"
                href="/stories?selected=ConsultationList"
              >
                ConsultationList
              </a>
              <a
                class="block w-full h-full ml-2 px-2 py-1 rounded-lg transition-colors text-neutral-700 hover:text-pink-500 hover:bg-neutral-100"
                href="/stories?selected=ConsultationDetail"
              >
                ConsultationDetail
              </a>
              <a
                class="block w-full h-full ml-2 px-2 py-1 rounded-lg transition-colors text-neutral-700 hover:text-pink-500 hover:bg-neutral-100"
                href="/stories?selected=ConsultationAnalysis"
              >
                ConsultationAnalysis
              </a>
              <a
                class="block w-full h-full ml-2 px-2 py-1 rounded-lg transition-colors text-neutral-700 hover:text-pink-500 hover:bg-neutral-100"
                href="/stories?selected=FinalisingThemesDetailCompleted"
              >
                FinalisingThemesDetailCompleted
              </a>
              <a
                class="block w-full h-full ml-2 px-2 py-1 rounded-lg transition-colors text-neutral-700 hover:text-pink-500 hover:bg-neutral-100"
                href="/stories?selected=RespondentDetail"
              >
                RespondentDetail
              </a>
              <a
                class="block w-full h-full ml-2 px-2 py-1 rounded-lg transition-colors text-neutral-700 hover:text-pink-500 hover:bg-neutral-100"
                href="/stories?selected=QuestionDetail"
              >
                QuestionDetail
              </a>
              <a
                class="block w-full h-full ml-2 px-2 py-1 rounded-lg transition-colors text-neutral-700 hover:text-pink-500 hover:bg-neutral-100"
                href="/stories?selected=FinalisingThemesArchive"
              >
                FinalisingThemesArchive
              </a>
              <a
                class="block w-full h-full ml-2 px-2 py-1 rounded-lg transition-colors text-neutral-700 hover:text-pink-500 hover:bg-neutral-100"
                href="/stories?selected=ErrorScreen"
              >
                ErrorScreen
              </a>
              
              <!---->
            </div>
            <!---->
            <!---->
          </li>
          <li>
            <!---->
            <!---->
            <button
              aria-pressed="false"
              class="w-full text-md cursor-pointer rounded-md py-1 px-2 border border-gray-300 bg-neutral-100 transition-colors duration-300 self-start inline-flex gap-1 items-center hover:bg-gray-100 svelte-1d0mdzt"
              data-variant="gray"
              role="button"
              tabindex="0"
            >
              <!---->
              <!---->
              <div
                class="flex w-full items-center justify-between gap-2"
              >
                <div
                  class="flex gap-1 items-center"
                >
                  <!---->
                   
                  <h2
                    class="font-medium"
                  >
                    Navigation
                  </h2>
                  <!---->
                </div>
                 
                <div
                  class="flex items-center gap-0.5 shrink-0 mx-1"
                >
                  <div
                    class="transition-transform rotate-90"
                  >
                    <svg
                      aria-hidden="true"
                      class="fill-neutral-500"
                      height="1rem"
                      viewBox="0 -960 960 960"
                      width="1rem"
                      xmlns="http://www.w3.org/2000/svg"
                    >
                      <!---->
                      <path
                        d="M504-480 320-664l56-56 240 240-240 240-56-56 184-184Z"
                        xmlns="http://www.w3.org/2000/svg"
                      />
                      <!---->
                    </svg>
                    <!---->
                  </div>
                   
                  <!---->
                </div>
              </div>
              
              
              
            </button>
            
            <!---->
             
            <div
              class="bg-transparent border-transparent p-0 pt-2 rounded-b-lg border border-t-0"
            >
              <!---->
              <a
                class="block w-full h-full ml-2 px-2 py-1 rounded-lg transition-colors text-neutral-700 hover:text-pink-500 hover:bg-neutral-100"
                href="/stories?selected=NavigationHeader"
              >
                NavigationHeader
              </a>
              <a
                class="block w-full h-full ml-2 px-2 py-1 rounded-lg transition-colors text-neutral-700 hover:text-pink-500 hover:bg-neutral-100"
                href="/stories?selected=HeaderConsult"
              >
                HeaderConsult
              </a>
              <a
                class="block w-full h-full ml-2 px-2 py-1 rounded-lg transition-colors text-neutral-700 hover:text-pink-500 hover:bg-neutral-100"
                href="/stories?selected=Breadcrumbs"
              >
                Breadcrumbs
              </a>
              <a
                class="block w-full h-full ml-2 px-2 py-1 rounded-lg transition-colors text-neutral-700 hover:text-pink-500 hover:bg-neutral-100"
                href="/stories?selected=ProfileButton"
              >
                ProfileButton
              </a>
              <a
                class="block w-full h-full ml-2 px-2 py-1 rounded-lg transition-colors text-neutral-700 hover:text-pink-500 hover:bg-neutral-100"
                href="/stories?selected=FloatingPanel"
              >
                FloatingPanel
              </a>
              
              <!---->
            </div>
            <!---->
            <!---->
          </li>
          <li>
            <!---->
            <!---->
            <button
              aria-pressed="false"
              class="w-full text-md cursor-pointer rounded-md py-1 px-2 border border-gray-300 bg-neutral-100 transition-colors duration-300 self-start inline-flex gap-1 items-center hover:bg-gray-100 svelte-1d0mdzt"
              data-variant="gray"
              role="button"
              tabindex="0"
            >
              <!---->
              <!---->
              <div
                class="flex w-full items-center justify-between gap-2"
              >
                <div
                  class="flex gap-1 items-center"
                >
                  <!---->
                   
                  <h2
                    class="font-medium"
                  >
                    Data
                  </h2>
                  <!---->
                </div>
                 
                <div
                  class="flex items-center gap-0.5 shrink-0 mx-1"
                >
                  <div
                    class="transition-transform rotate-90"
                  >
                    <svg
                      aria-hidden="true"
                      class="fill-neutral-500"
                      height="1rem"
                      viewBox="0 -960 960 960"
                      width="1rem"
                      xmlns="http://www.w3.org/2000/svg"
                    >
                      <!---->
                      <path
                        d="M504-480 320-664l56-56 240 240-240 240-56-56 184-184Z"
                        xmlns="http://www.w3.org/2000/svg"
                      />
                      <!---->
                    </svg>
                    <!---->
                  </div>
                   
                  <!---->
                </div>
              </div>
              
              
              
            </button>
            
            <!---->
             
            <div
              class="bg-transparent border-transparent p-0 pt-2 rounded-b-lg border border-t-0"
            >
              <!---->
              <a
                class="block w-full h-full ml-2 px-2 py-1 rounded-lg transition-colors text-neutral-700 hover:text-pink-500 hover:bg-neutral-100"
                href="/stories?selected=Checklist"
              >
                Checklist
              </a>
              <a
                class="block w-full h-full ml-2 px-2 py-1 rounded-lg transition-colors text-neutral-700 hover:text-pink-500 hover:bg-neutral-100"
                href="/stories?selected=IntroCard"
              >
                IntroCard
              </a>
              <a
                class="block w-full h-full ml-2 px-2 py-1 rounded-lg transition-colors text-neutral-700 hover:text-pink-500 hover:bg-neutral-100"
                href="/stories?selected=Learnings"
              >
                Learnings
              </a>
              <a
                class="block w-full h-full ml-2 px-2 py-1 rounded-lg transition-colors text-neutral-700 hover:text-pink-500 hover:bg-neutral-100"
                href="/stories?selected=IntroPage"
              >
                IntroPage
              </a>
              <a
                class="block w-full h-full ml-2 px-2 py-1 rounded-lg transition-colors text-neutral-700 hover:text-pink-500 hover:bg-neutral-100"
                href="/stories?selected=StepOneAPage"
              >
                StepOneAPage
              </a>
              <a
                class="block w-full h-full ml-2 px-2 py-1 rounded-lg transition-colors text-neutral-700 hover:text-pink-500 hover:bg-neutral-100"
                href="/stories?selected=StepOneBPage"
              >
                StepOneBPage
              </a>
              <a
                class="block w-full h-full ml-2 px-2 py-1 rounded-lg transition-colors text-neutral-700 hover:text-pink-500 hover:bg-neutral-100"
                href="/stories?selected=FileVerified"
              >
                FileVerified
              </a>
              <a
                class="block w-full h-full ml-2 px-2 py-1 rounded-lg transition-colors text-neutral-700 hover:text-pink-500 hover:bg-neutral-100"
                href="/stories?selected=StepsTitle"
              >
                StepsTitle
              </a>
              
              <!---->
            </div>
            <!---->
            <!---->
          </li>
          <li>
            <!---->
            <!---->
            <button
              aria-pressed="false"
              class="w-full text-md cursor-pointer rounded-md py-1 px-2 border border-gray-300 bg-neutral-100 transition-colors duration-300 self-start inline-flex gap-1 items-center hover:bg-gray-100 svelte-1d0mdzt"
              data-variant="gray"
              role="button"
              tabindex="0"
            >
              <!---->
              <!---->
              <div
                class="flex w-full items-center justify-between gap-2"
              >
                <div
                  class="flex gap-1 items-center"
                >
                  <!---->
                   
                  <h2
                    class="font-medium"
                  >
                    Inputs
                  </h2>
                  <!---->
                </div>
                 
                <div
                  class="flex items-center gap-0.5 shrink-0 mx-1"
                >
                  <div
                    class="transition-transform rotate-90"
                  >
                    <svg
                      aria-hidden="true"
                      class="fill-neutral-500"
                      height="1rem"
                      viewBox="0 -960 960 960"
                      width="1rem"
                      xmlns="http://www.w3.org/2000/svg"
                    >
                      <!---->
                      <path
                        d="M504-480 320-664l56-56 240 240-240 240-56-56 184-184Z"
                        xmlns="http://www.w3.org/2000/svg"
                      />
                      <!---->
                    </svg>
                    <!---->
                  </div>
                   
                  <!---->
                </div>
              </div>
              
              
              
            </button>
            
            <!---->
             
            <div
              class="bg-transparent border-transparent p-0 pt-2 rounded-b-lg border border-t-0"
            >
              <!---->
              <a
                class="block w-full h-full ml-2 px-2 py-1 rounded-lg transition-colors text-neutral-700 hover:text-pink-500 hover:bg-neutral-100"
                href="/stories?selected=FileInput"
              >
                FileInput
              </a>
              
              <!---->
            </div>
            <!---->
            <!---->
          </li>
          <li>
            <!---->
            <!---->
            <button
              aria-pressed="false"
              class="w-full text-md cursor-pointer rounded-md py-1 px-2 border border-gray-300 bg-neutral-100 transition-colors duration-300 self-start inline-flex gap-1 items-center hover:bg-gray-100 svelte-1d0mdzt"
              data-variant="gray"
              role="button"
              tabindex="0"
            >
              <!---->
              <!---->
              <div
                class="flex w-full items-center justify-between gap-2"
              >
                <div
                  class="flex gap-1 items-center"
                >
                  <!---->
                   
                  <h2
                    class="font-medium"
                  >
                    Screens / Support
                  </h2>
                  <!---->
                </div>
                 
                <div
                  class="flex items-center gap-0.5 shrink-0 mx-1"
                >
                  <div
                    class="transition-transform rotate-90"
                  >
                    <svg
                      aria-hidden="true"
                      class="fill-neutral-500"
                      height="1rem"
                      viewBox="0 -960 960 960"
                      width="1rem"
                      xmlns="http://www.w3.org/2000/svg"
                    >
                      <!---->
                      <path
                        d="M504-480 320-664l56-56 240 240-240 240-56-56 184-184Z"
                        xmlns="http://www.w3.org/2000/svg"
                      />
                      <!---->
                    </svg>
                    <!---->
                  </div>
                   
                  <!---->
                </div>
              </div>
              
              
              
            </button>
            
            <!---->
             
            <div
              class="bg-transparent border-transparent p-0 pt-2 rounded-b-lg border border-t-0"
            >
              <!---->
              <a
                class="block w-full h-full ml-2 px-2 py-1 rounded-lg transition-colors text-neutral-700 hover:text-pink-500 hover:bg-neutral-100"
                href="/stories?selected=CreateConsultationForm"
              >
                CreateConsultationForm
              </a>
              <a
                class="block w-full h-full ml-2 px-2 py-1 rounded-lg transition-colors text-neutral-700 hover:text-pink-500 hover:bg-neutral-100"
                href="/stories?selected=EditUser"
              >
                EditUser
              </a>
              <a
                class="block w-full h-full ml-2 px-2 py-1 rounded-lg transition-colors text-neutral-700 hover:text-pink-500 hover:bg-neutral-100"
                href="/stories?selected=AddUserForm"
              >
                AddUserForm
              </a>
              <a
                class="block w-full h-full ml-2 px-2 py-1 rounded-lg transition-colors text-neutral-700 hover:text-pink-500 hover:bg-neutral-100"
                href="/stories?selected=DeleteUserForm"
              >
                DeleteUserForm
              </a>
              <a
                class="block w-full h-full ml-2 px-2 py-1 rounded-lg transition-colors text-neutral-700 hover:text-pink-500 hover:bg-neutral-100"
                href="/stories?selected=FindThemesForm"
              >
                FindThemesForm
              </a>
              <a
                class="block w-full h-full ml-2 px-2 py-1 rounded-lg transition-colors text-neutral-700 hover:text-pink-500 hover:bg-neutral-100"
                href="/stories?selected=ThemeSelectionForm"
              >
                ThemeSelectionForm
              </a>
              <a
                class="block w-full h-full ml-2 px-2 py-1 rounded-lg transition-colors text-neutral-700 hover:text-pink-500 hover:bg-neutral-100"
                href="/stories?selected=QuestionsReviewList"
              >
                QuestionsReviewList
              </a>
              <a
                class="block w-full h-full ml-2 px-2 py-1 rounded-lg transition-colors text-neutral-700 hover:text-pink-500 hover:bg-neutral-100"
                href="/stories?selected=ManageConsultationsArchive"
              >
                ManageConsultationsArchive
              </a>
              
              <!---->
            </div>
            <!---->
            <!---->
          </li>
          <!---->
        </ul>
        <!---->
      </div>
      <!---->
    </aside>
     
    <div
      class="col-span-3 bg-white"
    >
      <div
        class="h-full my-4 p-4 rounded-2xl border border-gray-200"
        data-testid="panel-component"
      >
        <!---->
        <p
          class="my-8 text-center text-neutral-600"
        >
          Please select a component to view
        </p>
        
        <!---->
      </div>
      <!---->
    </div>
  </div>
  
</div>
`;
