// Vitest Snapshot v1, https://vitest.dev/guide/snapshot.html

exports[`FindThemesForm > should match snapshot initially 1`] = `
<div>
  <form
    class="flex max-w-[500px] flex-col gap-4"
  >
    <!---->
     
    <!---->
     
    <div>
      <label
        class="mb-1 block text-base leading-5 text-neutral-900 md:text-lg md:leading-6"
        for="consultation_id"
      >
        Consultation
      </label>
      <!---->
       
      <!---->
       
      <!---->
       
      <select
        class="h-9 w-full rounded-sm border border-gray-300 bg-white p-1 text-neutral-700 focus:outline-2 focus:outline-yellow-300 disabled:cursor-not-allowed disabled:bg-neutral-100 disabled:text-neutral-600 disabled:opacity-50"
        id="consultation_id"
        name="consultation_id"
        required=""
      >
        <option
          class="bg-white text-neutral-900"
          value="folder1"
        >
          Folder One (folder-one)
        </option>
        
      </select>
    </div>
    <!---->
     
    <!---->
    <button
      aria-pressed="false"
      class="text-md cursor-pointer rounded-md py-1 px-2 border border-gray-300 bg-primary text-white transition-colors duration-300 self-start inline-flex gap-1 items-center hover:bg-gray-100 hover:border-primary hover:text-primary svelte-1d0mdzt"
      data-variant="primary"
      role="button"
      tabindex="0"
      type="submit"
    >
      <!---->
      <!---->
      Find Themes
      
      
      
    </button>
    
    <!---->
  </form>
  
</div>
`;
