// Vitest Snapshot v1, https://vitest.dev/guide/snapshot.html

exports[`StepOneBPage > should match snapshot 1`] = `
<div>
  <!---->
  <!---->
  <h1
    class="text-neutral-700 text-xl"
    style=""
  >
    <!---->
    <!---->
    Step 1b: Prepare and get to know your data
    
    
    
  </h1>
  
  <!---->
   
  <section>
    <p
      class="text-sm text-neutral-500 py-4 pb-6"
    >
      Before uploading, you'll need to clean and format your spreadsheet. Use this
    as your chance to read through the responses — you'll go into the analysis
    phase with much stronger context.
    </p>
     
    <div
      class="border border-secondary p-4 rounded-lg"
    >
      <!---->
      <h3
        class="text-neutral-700 text-md"
        style=""
      >
        <!---->
        <!---->
        <span
          class="block text-sm font-[500] mt-2 mb-4"
        >
          What other departments have found:
        </span>
        
        
        
      </h3>
      
      <!---->
       
      <div
        class="bg-neutral-100 px-4 pt-6 pb-8 rounded-lg"
        id="learnings-component"
      >
        <div
          class="flex gap-4"
        >
          <div
            class="flex items-center justify-center flex-col mb-auto py-2 px-4 font-bold text-xs text-neutral-700 bg-white border-2 border-neutral-500"
          >
            <svg
              class="fill-neutral-700"
              height="1.5rem"
              role="img"
              viewBox="0 -960 960 960"
              width="1.5rem"
              xmlns="http://www.w3.org/2000/svg"
            >
              <!---->
              <path
                d="m233-120 65-281L80-590l288-25 112-265 112 265 288 25-218 189 65 281-247-149-247 149Z"
              />
              
              <!---->
            </svg>
            <!---->
             DfE
          </div>
           
          <div>
            <p
              class="text-sm text-neutral-600 mb-2"
            >
              "Taking time to prepare our data correctly at the start saved us hours during the analysis phase. We were able to jump straight into insights rather than troubleshooting data issues."
            </p>
             
            <!---->
            <h4
              class="text-neutral-700 text-sm"
              style=""
            >
              <!---->
              <!---->
              <span
                class="font-[500] text-xs"
              >
                Senior Policy Analyst
              </span>
              
              
              
            </h4>
            
            <!---->
             
            <p
              class="text-xs text-neutral-600"
            >
              Department for Education
            </p>
          </div>
          <!---->
        </div>
      </div>
       
      <div
        class="flex justify-center items-center gap-1 flex-wrap p-2 mt-2"
      >
        <div
          class="flex my-auto rotate-180"
        >
          <!---->
          <button
            aria-controls="learnings-component"
            aria-label="Previous Learning"
            aria-pressed="false"
            class="text-md cursor-pointer rounded-md py-1 px-2 border border-gray-300 bg-white transition-colors duration-300 self-start inline-flex gap-1 items-center hover:bg-gray-100 svelte-1d0mdzt"
            data-variant="default"
            role="button"
            tabindex="0"
            title="Previous Learning"
          >
            <!---->
            <!---->
            <svg
              class="neutral-500"
              height="1rem"
              role="img"
              viewBox="0 -960 960 960"
              width="1rem"
              xmlns="http://www.w3.org/2000/svg"
            >
              <path
                d="M504-480 320-664l56-56 240 240-240 240-56-56 184-184Z"
                xmlns="http://www.w3.org/2000/svg"
              />
              <!---->
            </svg>
            
            
            
          </button>
          
          <!---->
        </div>
         
        <!---->
        <button
          aria-controls="learnings-component"
          aria-label="Learning 1"
          aria-pressed="true"
          class="text-md cursor-pointer rounded-md border border-transparent text-neutral-400 transition-colors duration-300 self-start inline-flex gap-1 items-center hover:text-secondary text-secondary svelte-1d0mdzt"
          data-testid="Learnings Button"
          data-variant="dot"
          role="button"
          tabindex="0"
          title="Learning 1"
        >
          <!---->
          •
          
          
        </button>
        
        <!---->
        <button
          aria-controls="learnings-component"
          aria-label="Learning 2"
          aria-pressed="false"
          class="text-md cursor-pointer rounded-md border border-transparent text-neutral-400 transition-colors duration-300 self-start inline-flex gap-1 items-center hover:text-secondary svelte-1d0mdzt"
          data-testid="Learnings Button"
          data-variant="dot"
          role="button"
          tabindex="0"
          title="Learning 2"
        >
          <!---->
          •
          
          
        </button>
        
        <!---->
        <button
          aria-controls="learnings-component"
          aria-label="Learning 3"
          aria-pressed="false"
          class="text-md cursor-pointer rounded-md border border-transparent text-neutral-400 transition-colors duration-300 self-start inline-flex gap-1 items-center hover:text-secondary svelte-1d0mdzt"
          data-testid="Learnings Button"
          data-variant="dot"
          role="button"
          tabindex="0"
          title="Learning 3"
        >
          <!---->
          •
          
          
        </button>
        
        <!---->
         
        <div
          class="flex my-auto"
        >
          <!---->
          <button
            aria-controls="learnings-component"
            aria-label="Next Learning"
            aria-pressed="false"
            class="text-md cursor-pointer rounded-md py-1 px-2 border border-gray-300 bg-white transition-colors duration-300 self-start inline-flex gap-1 items-center hover:bg-gray-100 svelte-1d0mdzt"
            data-variant="default"
            role="button"
            tabindex="0"
            title="Next Learning"
          >
            <!---->
            <!---->
            <svg
              class="neutral-500"
              height="1rem"
              role="img"
              viewBox="0 -960 960 960"
              width="1rem"
              xmlns="http://www.w3.org/2000/svg"
            >
              <path
                d="M504-480 320-664l56-56 240 240-240 240-56-56 184-184Z"
                xmlns="http://www.w3.org/2000/svg"
              />
              <!---->
            </svg>
            
            
            
          </button>
          
          <!---->
        </div>
      </div>
    </div>
    <!---->
  </section>
   
  <section
    class="my-8"
  >
    <div
      class="h-full my-4 p-4 rounded-2xl border border-gray-200"
      data-testid="panel-component"
    >
      <div
        class="mt-2"
      >
        <div>
          <!---->
          <h3
            class="text-neutral-700 text-md"
            style=""
          >
            <!---->
            <!---->
            <span
              class="block text-sm font-[500] mb-2"
            >
              Structure your spreadsheet
            </span>
            
            
            
          </h3>
          
          <!---->
           
          <div
            class="mt-4"
          >
            <!---->
             
            <div
              class="bg-neutral-100 text-xs p-2 rounded-lg flex gap-2 mb-3 last:mb-0"
            >
              <div>
                <!---->
                 
                <!---->
                 
                <div
                  class="flex items-center gap-3"
                >
                  <input
                    class="mt-0.5 rounded border border-neutral-300 bg-white text-neutral-900 focus:border-transparent focus:outline-none focus:ring-2 focus:ring-yellow-400 shrink-0 disabled:cursor-not-allowed disabled:opacity-50 checked:border-primary checked:bg-primary h-4 w-4"
                    id="checklist-aa"
                    name="checklist-aa"
                    type="checkbox"
                    value="aa"
                  />
                   
                  <!---->
                </div>
              </div>
              <!---->
               
              <div
                class="w-full"
              >
                <div
                  class="flex justify-between gap-4 w-full"
                >
                  <label
                    class="hover:cursor-pointer"
                    for="checklist-aa"
                  >
                    <!---->
                    <h4
                      class="text-neutral-700 text-sm"
                      style=""
                    >
                      <!---->
                      <!---->
                      <span
                        class="block mb-1"
                      >
                        First row contains your question text, not a response
                      </span>
                      
                      
                      
                    </h4>
                    
                    <!---->
                  </label>
                   
                  <!---->
                  <button
                    aria-controls="aa-details"
                    aria-label="Show/Hide aa-details"
                    aria-pressed="false"
                    class="text-md cursor-pointer rounded-md py-1 px-2 border border-transparent transition-colors duration-300 self-start inline-flex gap-1 items-center hover:bg-gray-100 svelte-1d0mdzt"
                    data-variant="ghost"
                    role="button"
                    tabindex="0"
                  >
                    <!---->
                    <!---->
                    <span
                      class="-ml-2 text-nowrap text-secondary hover:underline"
                    >
                      Show me an example
                    </span>
                    
                    
                    
                  </button>
                  
                  <!---->
                </div>
                 
                <!---->
              </div>
            </div>
            <div
              class="bg-neutral-100 text-xs p-2 rounded-lg flex gap-2 mb-3 last:mb-0"
            >
              <div>
                <!---->
                 
                <!---->
                 
                <div
                  class="flex items-center gap-3"
                >
                  <input
                    class="mt-0.5 rounded border border-neutral-300 bg-white text-neutral-900 focus:border-transparent focus:outline-none focus:ring-2 focus:ring-yellow-400 shrink-0 disabled:cursor-not-allowed disabled:opacity-50 checked:border-primary checked:bg-primary h-4 w-4"
                    id="checklist-ab"
                    name="checklist-ab"
                    type="checkbox"
                    value="ab"
                  />
                   
                  <!---->
                </div>
              </div>
              <!---->
               
              <div
                class="w-full"
              >
                <div
                  class="flex justify-between gap-4 w-full"
                >
                  <label
                    class="hover:cursor-pointer"
                    for="checklist-ab"
                  >
                    <!---->
                    <h4
                      class="text-neutral-700 text-sm"
                      style=""
                    >
                      <!---->
                      <!---->
                      <span
                        class="block mb-1"
                      >
                        Each row represents one respondent's full submission
                      </span>
                      
                      
                      
                    </h4>
                    
                    <!---->
                  </label>
                   
                  <!---->
                  <button
                    aria-controls="ab-details"
                    aria-label="Show/Hide ab-details"
                    aria-pressed="false"
                    class="text-md cursor-pointer rounded-md py-1 px-2 border border-transparent transition-colors duration-300 self-start inline-flex gap-1 items-center hover:bg-gray-100 svelte-1d0mdzt"
                    data-variant="ghost"
                    role="button"
                    tabindex="0"
                  >
                    <!---->
                    <!---->
                    <span
                      class="-ml-2 text-nowrap text-secondary hover:underline"
                    >
                      Show me an example
                    </span>
                    
                    
                    
                  </button>
                  
                  <!---->
                </div>
                 
                <!---->
              </div>
            </div>
            <div
              class="bg-neutral-100 text-xs p-2 rounded-lg flex gap-2 mb-3 last:mb-0"
            >
              <div>
                <!---->
                 
                <!---->
                 
                <div
                  class="flex items-center gap-3"
                >
                  <input
                    class="mt-0.5 rounded border border-neutral-300 bg-white text-neutral-900 focus:border-transparent focus:outline-none focus:ring-2 focus:ring-yellow-400 shrink-0 disabled:cursor-not-allowed disabled:opacity-50 checked:border-primary checked:bg-primary h-4 w-4"
                    id="checklist-ac"
                    name="checklist-ac"
                    type="checkbox"
                    value="ac"
                  />
                   
                  <!---->
                </div>
              </div>
              <!---->
               
              <div
                class="w-full"
              >
                <div
                  class="flex justify-between gap-4 w-full"
                >
                  <label
                    class="hover:cursor-pointer"
                    for="checklist-ac"
                  >
                    <!---->
                    <h4
                      class="text-neutral-700 text-sm"
                      style=""
                    >
                      <!---->
                      <!---->
                      <span
                        class="block mb-1"
                      >
                        Remove empty rows and columns
                      </span>
                      
                      
                      
                    </h4>
                    
                    <!---->
                  </label>
                   
                  <!---->
                  <button
                    aria-controls="ac-details"
                    aria-label="Show/Hide ac-details"
                    aria-pressed="false"
                    class="text-md cursor-pointer rounded-md py-1 px-2 border border-transparent transition-colors duration-300 self-start inline-flex gap-1 items-center hover:bg-gray-100 svelte-1d0mdzt"
                    data-variant="ghost"
                    role="button"
                    tabindex="0"
                  >
                    <!---->
                    <!---->
                    <span
                      class="-ml-2 text-nowrap text-secondary hover:underline"
                    >
                      Show me an example
                    </span>
                    
                    
                    
                  </button>
                  
                  <!---->
                </div>
                 
                <!---->
              </div>
            </div>
            <div
              class="bg-neutral-100 text-xs p-2 rounded-lg flex gap-2 mb-3 last:mb-0"
            >
              <div>
                <!---->
                 
                <!---->
                 
                <div
                  class="flex items-center gap-3"
                >
                  <input
                    class="mt-0.5 rounded border border-neutral-300 bg-white text-neutral-900 focus:border-transparent focus:outline-none focus:ring-2 focus:ring-yellow-400 shrink-0 disabled:cursor-not-allowed disabled:opacity-50 checked:border-primary checked:bg-primary h-4 w-4"
                    id="checklist-ad"
                    name="checklist-ad"
                    type="checkbox"
                    value="ad"
                  />
                   
                  <!---->
                </div>
              </div>
              <!---->
               
              <div
                class="w-full"
              >
                <div
                  class="flex justify-between gap-4 w-full"
                >
                  <label
                    class="hover:cursor-pointer"
                    for="checklist-ad"
                  >
                    <!---->
                    <h4
                      class="text-neutral-700 text-sm"
                      style=""
                    >
                      <!---->
                      <!---->
                      <span
                        class="block mb-1"
                      >
                        Each cell contains a single value only — no merged cells
                      </span>
                      
                      
                      
                    </h4>
                    
                    <!---->
                  </label>
                   
                  <!---->
                  <button
                    aria-controls="ad-details"
                    aria-label="Show/Hide ad-details"
                    aria-pressed="false"
                    class="text-md cursor-pointer rounded-md py-1 px-2 border border-transparent transition-colors duration-300 self-start inline-flex gap-1 items-center hover:bg-gray-100 svelte-1d0mdzt"
                    data-variant="ghost"
                    role="button"
                    tabindex="0"
                  >
                    <!---->
                    <!---->
                    <span
                      class="-ml-2 text-nowrap text-secondary hover:underline"
                    >
                      Show me an example
                    </span>
                    
                    
                    
                  </button>
                  
                  <!---->
                </div>
                 
                <!---->
              </div>
            </div>
            <div
              class="bg-neutral-100 text-xs p-2 rounded-lg flex gap-2 mb-3 last:mb-0"
            >
              <div>
                <!---->
                 
                <!---->
                 
                <div
                  class="flex items-center gap-3"
                >
                  <input
                    class="mt-0.5 rounded border border-neutral-300 bg-white text-neutral-900 focus:border-transparent focus:outline-none focus:ring-2 focus:ring-yellow-400 shrink-0 disabled:cursor-not-allowed disabled:opacity-50 checked:border-primary checked:bg-primary h-4 w-4"
                    id="checklist-ae"
                    name="checklist-ae"
                    type="checkbox"
                    value="ae"
                  />
                   
                  <!---->
                </div>
              </div>
              <!---->
               
              <div
                class="w-full"
              >
                <div
                  class="flex justify-between gap-4 w-full"
                >
                  <label
                    class="hover:cursor-pointer"
                    for="checklist-ae"
                  >
                    <!---->
                    <h4
                      class="text-neutral-700 text-sm"
                      style=""
                    >
                      <!---->
                      <!---->
                      <span
                        class="block mb-1"
                      >
                        Remove cell colours, highlights, and text formatting
                      </span>
                      
                      
                      
                    </h4>
                    
                    <!---->
                  </label>
                   
                  <!---->
                  <button
                    aria-controls="ae-details"
                    aria-label="Show/Hide ae-details"
                    aria-pressed="false"
                    class="text-md cursor-pointer rounded-md py-1 px-2 border border-transparent transition-colors duration-300 self-start inline-flex gap-1 items-center hover:bg-gray-100 svelte-1d0mdzt"
                    data-variant="ghost"
                    role="button"
                    tabindex="0"
                  >
                    <!---->
                    <!---->
                    <span
                      class="-ml-2 text-nowrap text-secondary hover:underline"
                    >
                      Show me an example
                    </span>
                    
                    
                    
                  </button>
                  
                  <!---->
                </div>
                 
                <!---->
              </div>
            </div>
            <div
              class="bg-neutral-100 text-xs p-2 rounded-lg flex gap-2 mb-3 last:mb-0"
            >
              <div>
                <!---->
                 
                <!---->
                 
                <div
                  class="flex items-center gap-3"
                >
                  <input
                    class="mt-0.5 rounded border border-neutral-300 bg-white text-neutral-900 focus:border-transparent focus:outline-none focus:ring-2 focus:ring-yellow-400 shrink-0 disabled:cursor-not-allowed disabled:opacity-50 checked:border-primary checked:bg-primary h-4 w-4"
                    id="checklist-af"
                    name="checklist-af"
                    type="checkbox"
                    value="af"
                  />
                   
                  <!---->
                </div>
              </div>
              <!---->
               
              <div
                class="w-full"
              >
                <div
                  class="flex justify-between gap-4 w-full"
                >
                  <label
                    class="hover:cursor-pointer"
                    for="checklist-af"
                  >
                    <!---->
                    <h4
                      class="text-neutral-700 text-sm"
                      style=""
                    >
                      <!---->
                      <!---->
                      <span
                        class="block mb-1"
                      >
                        Remove any Excel formulas — cells should contain raw text only
                      </span>
                      
                      
                      
                    </h4>
                    
                    <!---->
                  </label>
                   
                  <!---->
                  <button
                    aria-controls="af-details"
                    aria-label="Show/Hide af-details"
                    aria-pressed="false"
                    class="text-md cursor-pointer rounded-md py-1 px-2 border border-transparent transition-colors duration-300 self-start inline-flex gap-1 items-center hover:bg-gray-100 svelte-1d0mdzt"
                    data-variant="ghost"
                    role="button"
                    tabindex="0"
                  >
                    <!---->
                    <!---->
                    <span
                      class="-ml-2 text-nowrap text-secondary hover:underline"
                    >
                      Show me an example
                    </span>
                    
                    
                    
                  </button>
                  
                  <!---->
                </div>
                 
                <!---->
              </div>
            </div>
            <div
              class="bg-neutral-100 text-xs p-2 rounded-lg flex gap-2 mb-3 last:mb-0"
            >
              <div>
                <!---->
                 
                <!---->
                 
                <div
                  class="flex items-center gap-3"
                >
                  <input
                    class="mt-0.5 rounded border border-neutral-300 bg-white text-neutral-900 focus:border-transparent focus:outline-none focus:ring-2 focus:ring-yellow-400 shrink-0 disabled:cursor-not-allowed disabled:opacity-50 checked:border-primary checked:bg-primary h-4 w-4"
                    id="checklist-ag"
                    name="checklist-ag"
                    type="checkbox"
                    value="ag"
                  />
                   
                  <!---->
                </div>
              </div>
              <!---->
               
              <div
                class="w-full"
              >
                <div
                  class="flex justify-between gap-4 w-full"
                >
                  <label
                    class="hover:cursor-pointer"
                    for="checklist-ag"
                  >
                    <!---->
                    <h4
                      class="text-neutral-700 text-sm"
                      style=""
                    >
                      <!---->
                      <!---->
                      <span
                        class="block mb-1"
                      >
                        Check formatting is consistent throughout the file (ie dates or free text responses that should be categories)
                      </span>
                      
                      
                      
                    </h4>
                    
                    <!---->
                  </label>
                   
                  <!---->
                  <button
                    aria-controls="ag-details"
                    aria-label="Show/Hide ag-details"
                    aria-pressed="false"
                    class="text-md cursor-pointer rounded-md py-1 px-2 border border-transparent transition-colors duration-300 self-start inline-flex gap-1 items-center hover:bg-gray-100 svelte-1d0mdzt"
                    data-variant="ghost"
                    role="button"
                    tabindex="0"
                  >
                    <!---->
                    <!---->
                    <span
                      class="-ml-2 text-nowrap text-secondary hover:underline"
                    >
                      Show me an example
                    </span>
                    
                    
                    
                  </button>
                  
                  <!---->
                </div>
                 
                <!---->
              </div>
            </div>
            <!---->
          </div>
        </div>
        <!---->
      </div>
       
      <div
        class="mt-8"
      >
        <div>
          <!---->
          <h3
            class="text-neutral-700 text-md"
            style=""
          >
            <!---->
            <!---->
            <span
              class="block text-sm font-[500] mb-2"
            >
              Check your content
            </span>
            
            
            
          </h3>
          
          <!---->
           
          <div
            class="mt-4"
          >
            <!---->
             
            <div
              class="bg-neutral-100 text-xs p-2 rounded-lg flex gap-2 mb-3 last:mb-0"
            >
              <div>
                <!---->
                 
                <!---->
                 
                <div
                  class="flex items-center gap-3"
                >
                  <input
                    class="mt-0.5 rounded border border-neutral-300 bg-white text-neutral-900 focus:border-transparent focus:outline-none focus:ring-2 focus:ring-yellow-400 shrink-0 disabled:cursor-not-allowed disabled:opacity-50 checked:border-primary checked:bg-primary h-4 w-4"
                    id="checklist-ba"
                    name="checklist-ba"
                    type="checkbox"
                    value="ba"
                  />
                   
                  <!---->
                </div>
              </div>
              <!---->
               
              <div
                class="w-full"
              >
                <div
                  class="flex justify-between gap-4 w-full"
                >
                  <label
                    class="hover:cursor-pointer"
                    for="checklist-ba"
                  >
                    <!---->
                    <h4
                      class="text-neutral-700 text-sm"
                      style=""
                    >
                      <!---->
                      <!---->
                      <span
                        class="block mb-1"
                      >
                        Questions are worded consistently across all rows
                      </span>
                      
                      
                      
                    </h4>
                    
                    <!---->
                  </label>
                   
                  <!---->
                  <button
                    aria-controls="ba-details"
                    aria-label="Show/Hide ba-details"
                    aria-pressed="false"
                    class="text-md cursor-pointer rounded-md py-1 px-2 border border-transparent transition-colors duration-300 self-start inline-flex gap-1 items-center hover:bg-gray-100 svelte-1d0mdzt"
                    data-variant="ghost"
                    role="button"
                    tabindex="0"
                  >
                    <!---->
                    <!---->
                    <span
                      class="-ml-2 text-nowrap text-secondary hover:underline"
                    >
                      Show me an example
                    </span>
                    
                    
                    
                  </button>
                  
                  <!---->
                </div>
                 
                <!---->
              </div>
            </div>
            <div
              class="bg-neutral-100 text-xs p-2 rounded-lg flex gap-2 mb-3 last:mb-0"
            >
              <div>
                <!---->
                 
                <!---->
                 
                <div
                  class="flex items-center gap-3"
                >
                  <input
                    class="mt-0.5 rounded border border-neutral-300 bg-white text-neutral-900 focus:border-transparent focus:outline-none focus:ring-2 focus:ring-yellow-400 shrink-0 disabled:cursor-not-allowed disabled:opacity-50 checked:border-primary checked:bg-primary h-4 w-4"
                    id="checklist-bb"
                    name="checklist-bb"
                    type="checkbox"
                    value="bb"
                  />
                   
                  <!---->
                </div>
              </div>
              <!---->
               
              <div
                class="w-full"
              >
                <div
                  class="flex justify-between gap-4 w-full"
                >
                  <label
                    class="hover:cursor-pointer"
                    for="checklist-bb"
                  >
                    <!---->
                    <h4
                      class="text-neutral-700 text-sm"
                      style=""
                    >
                      <!---->
                      <!---->
                      <span
                        class="block mb-1"
                      >
                        All personally identifiable information has been anonymised or removed — names, email addresses, postcodes, phone numbers
                      </span>
                      
                      
                      
                    </h4>
                    
                    <!---->
                  </label>
                   
                  <!---->
                  <button
                    aria-controls="bb-details"
                    aria-label="Show/Hide bb-details"
                    aria-pressed="false"
                    class="text-md cursor-pointer rounded-md py-1 px-2 border border-transparent transition-colors duration-300 self-start inline-flex gap-1 items-center hover:bg-gray-100 svelte-1d0mdzt"
                    data-variant="ghost"
                    role="button"
                    tabindex="0"
                  >
                    <!---->
                    <!---->
                    <span
                      class="-ml-2 text-nowrap text-secondary hover:underline"
                    >
                      Show me an example
                    </span>
                    
                    
                    
                  </button>
                  
                  <!---->
                </div>
                 
                <!---->
              </div>
            </div>
            <div
              class="bg-neutral-100 text-xs p-2 rounded-lg flex gap-2 mb-3 last:mb-0"
            >
              <div>
                <!---->
                 
                <!---->
                 
                <div
                  class="flex items-center gap-3"
                >
                  <input
                    class="mt-0.5 rounded border border-neutral-300 bg-white text-neutral-900 focus:border-transparent focus:outline-none focus:ring-2 focus:ring-yellow-400 shrink-0 disabled:cursor-not-allowed disabled:opacity-50 checked:border-primary checked:bg-primary h-4 w-4"
                    id="checklist-bc"
                    name="checklist-bc"
                    type="checkbox"
                    value="bc"
                  />
                   
                  <!---->
                </div>
              </div>
              <!---->
               
              <div
                class="w-full"
              >
                <div
                  class="flex justify-between gap-4 w-full"
                >
                  <label
                    class="hover:cursor-pointer"
                    for="checklist-bc"
                  >
                    <!---->
                    <h4
                      class="text-neutral-700 text-sm"
                      style=""
                    >
                      <!---->
                      <!---->
                      <span
                        class="block mb-1"
                      >
                        Add in from any other sources to create one data set (ie email submissions). Ensure columns map to the same questions
                      </span>
                      
                      
                      
                    </h4>
                    
                    <!---->
                  </label>
                   
                  <!---->
                  <button
                    aria-controls="bc-details"
                    aria-label="Show/Hide bc-details"
                    aria-pressed="false"
                    class="text-md cursor-pointer rounded-md py-1 px-2 border border-transparent transition-colors duration-300 self-start inline-flex gap-1 items-center hover:bg-gray-100 svelte-1d0mdzt"
                    data-variant="ghost"
                    role="button"
                    tabindex="0"
                  >
                    <!---->
                    <!---->
                    <span
                      class="-ml-2 text-nowrap text-secondary hover:underline"
                    >
                      Show me an example
                    </span>
                    
                    
                    
                  </button>
                  
                  <!---->
                </div>
                 
                <!---->
              </div>
            </div>
            <!---->
          </div>
        </div>
        <!---->
      </div>
       
      <small
        class="block mt-4 text-xs text-neutral-500"
      >
        As you review, note which questions are open (free-text) and which are
      closed (yes/no, multiple choice) — Consult will handle these differently
      during analysis.
      </small>
      <!---->
    </div>
    <!---->
  </section>
   
  <section>
    <div
      class="flex justify-between gap-1 flex-wrap my-12"
    >
      <!---->
      <button
        aria-pressed="false"
        class="text-sm cursor-pointer rounded-md py-1 px-2 border border-gray-300 bg-white transition-colors duration-300 self-start inline-flex gap-1 items-center hover:bg-gray-100 svelte-1d0mdzt"
        data-variant="default"
        role="button"
        tabindex="0"
      >
        <!---->
        <!---->
        <div
          class="rotate-180"
        >
          <svg
            class="fill-neutral-500"
            height="0.9rem"
            role="img"
            viewBox="0 -960 960 960"
            width="0.9rem"
            xmlns="http://www.w3.org/2000/svg"
          >
            <path
              d="M647-440H160v-80h487L423-744l57-56 320 320-320 320-57-56 224-224Z"
              xmlns="http://www.w3.org/2000/svg"
            />
            <!---->
          </svg>
          <!---->
        </div>
         
        <span
          class="pl-2"
        >
          Back
        </span>
        
        
        
      </button>
      
      <!---->
       
      <!---->
      <button
        aria-pressed="false"
        class="text-sm cursor-pointer rounded-md py-1 px-2 border border-gray-300 bg-secondary text-white transition-colors duration-300 self-start inline-flex gap-1 items-center hover:bg-gray-100 hover:border-secondary hover:text-secondary disabled disabled:bg-gray-200 disabled:text-gray-400 disabled:cursor-not-allowed disabled:hover:bg-gray-200 disabled:hover:border-gray-300 disabled:hover:text-gray-400 svelte-1d0mdzt"
        data-variant="approve"
        disabled=""
        role="button"
        tabindex="0"
      >
        <!---->
        <!---->
        <span
          class="pr-2"
        >
          My data is ready to upload
        </span>
         
        <svg
          class="fill-white"
          height="0.9rem"
          role="img"
          viewBox="0 -960 960 960"
          width="0.9rem"
          xmlns="http://www.w3.org/2000/svg"
        >
          <path
            d="M647-440H160v-80h487L423-744l57-56 320 320-320 320-57-56 224-224Z"
            xmlns="http://www.w3.org/2000/svg"
          />
          <!---->
        </svg>
        <!---->
        
        
        
      </button>
      
      <!---->
    </div>
  </section>
  
</div>
`;
