// Vitest Snapshot v1, https://vitest.dev/guide/snapshot.html

exports[`GeneratedThemeCard > should render 1`] = `
<div>
  <div
    class="generated-theme-card svelte-2iwj05"
    style="margin-left: 0rem;"
  >
    <div
      class="h-full my-4 p-4 rounded-2xl border border-gray-200"
      data-testid="panel-component"
    >
      <article
        class="flex flex-wrap sm:flex-nowrap"
      >
        <div
          class="transition-all duration-300 w-auto md:w-auto svelte-2iwj05"
        >
          <div
            class="mb-2 flex items-center justify-between"
          >
            <div
              class="flex flex-wrap items-center gap-2"
            >
              <!---->
               
              <div
                class="flex flex-wrap items-center gap-2"
              >
                <h3>
                  Test Theme
                </h3>
                 
                <div
                  class="svelte-2iwj05"
                >
                  <div
                    class="flex justify-between items-center gap-2 rounded-md w-max py-0.5 px-2 text-xs text-secondary bg-teal-50 border border-teal-400"
                  >
                    Level 1
                    <!---->
                  </div>
                  <!---->
                </div>
              </div>
            </div>
          </div>
           
          <p
            class="text-sm text-neutral-500"
          >
            This is a test theme
          </p>
           
          <footer
            class="mt-4 flex flex-wrap items-center gap-2"
          >
            <!---->
            <button
              aria-pressed="false"
              class="text-sm cursor-pointer rounded-md py-1 px-2 border border-gray-300 bg-secondary text-white transition-colors duration-300 self-start inline-flex gap-1 items-center hover:bg-gray-100 hover:border-secondary hover:text-secondary svelte-1d0mdzt"
              data-variant="approve"
              role="button"
              tabindex="0"
            >
              <!---->
              <!---->
              <div
                class="flex items-center gap-1"
              >
                Select 
                <!---->
              </div>
              
              
              
            </button>
            
            <!---->
          </footer>
          <!---->
        </div>
         
        <div
          class="p2"
        />
        <!---->
      </article>
      <!---->
    </div>
    <!---->
     
    <div
      class="pb-4"
    />
    <!---->
  </div>
  
  
</div>
`;
