// Vitest Snapshot v1, https://vitest.dev/guide/snapshot.html

exports[`DataTable > should match snapshot 1`] = `
<div>
  <div
    class="w-full"
  >
    <div
      aria-atomic="true"
      aria-live="polite"
      class="sr-only"
    >
      
    </div>
     
    <div
      class="flex justify-between items-center gap-2 pb-4 pt-2 svelte-e9ladz"
    >
      <div
        class="flex flex-col gap-1"
      >
        <label
          class="sr-only svelte-ekj0e2"
          data-melt-combobox-label=""
          for="visible-columns-select"
          id="visible-columns-select-label"
        >
          <span
            class="text-sm font-medium text-neutral-900"
          >
            Visible columns
          </span>
        </label>
         
        <div
          class="relative"
        >
          <div
            class="absolute left-2 top-1/2 -translate-y-1/2"
          >
            <svg
              aria-hidden="true"
              class="fill-neutral-400"
              height="1rem"
              viewBox="0 -960 960 960"
              width="1rem"
              xmlns="http://www.w3.org/2000/svg"
            >
              <!---->
              <path
                d="M784-120 532-372q-30 24-69 38t-83 14q-109 0-184.5-75.5T120-580q0-109 75.5-184.5T380-840q109 0 184.5 75.5T640-580q0 44-14 83t-38 69l252 252-56 56ZM380-400q75 0 127.5-52.5T560-580q0-75-52.5-127.5T380-760q-75 0-127.5 52.5T200-580q0 75 52.5 127.5T380-400Z"
                xmlns="http://www.w3.org/2000/svg"
              />
              <!---->
            </svg>
            <!---->
          </div>
           
          <input
            aria-autocomplete="list"
            aria-controls="visible-columns-select-menu"
            aria-expanded="false"
            aria-labelledby="visible-columns-select-label"
            autocomplete="off"
            class="w-full leading-8 flex items-center justify-between rounded-sm bg-white px-3 pr-12 text-black border border-neutral-300 pl-8 svelte-ekj0e2"
            data-melt-combobox-input=""
            data-melt-combobox-trigger=""
            data-state="closed"
            id="visible-columns-select"
            placeholder="2 columns visible"
            role="combobox"
          />
           
          <div
            class="absolute right-2 top-1/2 z-10 -translate-y-1/2 text-neutral-900 transition-transform -rotate-90 pointer-events-none svelte-ekj0e2"
          >
            <svg
              aria-hidden="true"
              class="fill-neutral-700"
              height="1rem"
              viewBox="0 -960 960 960"
              width="1rem"
              xmlns="http://www.w3.org/2000/svg"
            >
              <!---->
              <path
                d="M480-344 240-584l56-56 184 184 184-184 56 56-240 240Z"
              />
              <!---->
            </svg>
            <!---->
          </div>
          <!---->
        </div>
      </div>
       
      <!---->
      <!---->
       
      <div
        class="w-1/3 ml-auto text-sm svelte-e9ladz"
      >
        <div
          class="relative"
        >
          <label
            class="sr-only"
            for="search-input"
          >
            Search
          </label>
           
          <input
            class="h-9 w-full p-1 border border-gray-300 rounded-xs focus:outline-2 focus:outline-yellow-300 pl-8 pr-4 svelte-1auzwdn"
            id="search-input"
            placeholder="Search..."
            type="text"
          />
           
          <!---->
           
          <div
            class="absolute left-2 top-1/2 mt-0.5 -translate-y-1/2 transform"
          >
            <svg
              aria-hidden="true"
              class="fill-neutral-400"
              height="1.2rem"
              viewBox="0 -960 960 960"
              width="1.2rem"
              xmlns="http://www.w3.org/2000/svg"
            >
              <!---->
              <path
                d="M784-120 532-372q-30 24-69 38t-83 14q-109 0-184.5-75.5T120-580q0-109 75.5-184.5T380-840q109 0 184.5 75.5T640-580q0 44-14 83t-38 69l252 252-56 56ZM380-400q75 0 127.5-52.5T560-580q0-75-52.5-127.5T380-760q-75 0-127.5 52.5T200-580q0 75 52.5 127.5T380-400Z"
                xmlns="http://www.w3.org/2000/svg"
              />
              <!---->
            </svg>
            <!---->
          </div>
          <!---->
        </div>
        <!---->
      </div>
      <!---->
    </div>
     
    <div
      class="overflow-x-auto rounded-lg border border-neutral-200 bg-white svelte-e9ladz"
    >
      <table
        class="min-w-full divide-y divide-neutral-200 svelte-e9ladz"
      >
        <caption
          class="sr-only"
        >
          Example Data
        </caption>
        <!---->
        <thead
          class="bg-neutral-50"
        >
          <tr>
            <th
              aria-sort="ascending"
              class="px-4 py-3 text-left text-xs font-[500] tracking-wide text-neutral-600 svelte-e9ladz"
              data-testid="column-header"
              scope="col"
            >
              <!---->
              <button
                aria-label="Sorted ascending by Name. Click to sort descending."
                aria-pressed="true"
                class="text-xs cursor-pointer rounded-md py-0.5 px-1 border text-start border-transparent transition-colors duration-300 self-start inline-flex gap-1 items-center hover:bg-gray-100 svelte-1d0mdzt"
                data-variant="ghost"
                role="button"
                tabindex="0"
              >
                <!---->
                <!---->
                <span>
                  Name
                </span>
                 
                <span
                  aria-hidden="true"
                  class="text-neutral-400"
                >
                  <div
                    class="rotate-90"
                  >
                    <svg
                      aria-hidden="true"
                      class="fill-neutral-500"
                      height="1rem"
                      viewBox="0 -960 960 960"
                      width="1rem"
                      xmlns="http://www.w3.org/2000/svg"
                    >
                      <!---->
                      <path
                        d="M647-440H160v-80h487L423-744l57-56 320 320-320 320-57-56 224-224Z"
                        xmlns="http://www.w3.org/2000/svg"
                      />
                      <!---->
                    </svg>
                    <!---->
                  </div>
                  <!---->
                </span>
                
                
                
              </button>
              
              <!---->
            </th>
            <th
              aria-sort="none"
              class="px-4 py-3 text-left text-xs font-[500] tracking-wide text-neutral-600 svelte-e9ladz"
              data-testid="column-header"
              scope="col"
            >
              <!---->
              <button
                aria-label="Sort by Date Created"
                aria-pressed="false"
                class="text-xs cursor-pointer rounded-md py-0.5 px-1 border text-start border-transparent transition-colors duration-300 self-start inline-flex gap-1 items-center hover:bg-gray-100 svelte-1d0mdzt"
                data-variant="ghost"
                role="button"
                tabindex="0"
              >
                <!---->
                <!---->
                <span>
                  Date Created
                </span>
                 
                <span
                  aria-hidden="true"
                  class="text-neutral-400"
                >
                  <svg
                    aria-hidden="true"
                    class="fill-neutral-500"
                    height="1rem"
                    viewBox="0 -960 960 960"
                    width="1rem"
                    xmlns="http://www.w3.org/2000/svg"
                  >
                    <!---->
                    <path
                      d="M320-440v-287L217-624l-57-56 200-200 200 200-57 56-103-103v287h-80ZM600-80 400-280l57-56 103 103v-287h80v287l103-103 57 56L600-80Z"
                      xmlns="http://www.w3.org/2000/svg"
                    />
                    <!---->
                  </svg>
                  <!---->
                </span>
                
                
                
              </button>
              
              <!---->
            </th>
            
          </tr>
        </thead>
        <tbody
          class="divide-y divide-neutral-200"
        >
          <!---->
          <tr
            class="transition-colors hover:bg-neutral-50 cursor-pointer svelte-e9ladz"
            data-testid="datatable-row"
          >
            <td
              class="whitespace-nowrap px-4 py-3 text-sm text-neutral-700 svelte-e9ladz"
            >
              Test Item 1 - A
            </td>
            <td
              class="whitespace-nowrap px-4 py-3 text-sm text-neutral-700 svelte-e9ladz"
            >
              2026-08-19
            </td>
            
          </tr>
          <tr
            class="transition-colors hover:bg-neutral-50 cursor-pointer svelte-e9ladz"
            data-testid="datatable-row"
          >
            <td
              class="whitespace-nowrap px-4 py-3 text-sm text-neutral-700 svelte-e9ladz"
            >
              Test Item 2 - B
            </td>
            <td
              class="whitespace-nowrap px-4 py-3 text-sm text-neutral-700 svelte-e9ladz"
            >
              2026-06-19
            </td>
            
          </tr>
          <tr
            class="transition-colors hover:bg-neutral-50 cursor-pointer svelte-e9ladz"
            data-testid="datatable-row"
          >
            <td
              class="whitespace-nowrap px-4 py-3 text-sm text-neutral-700 svelte-e9ladz"
            >
              Test Item 3 - C
            </td>
            <td
              class="whitespace-nowrap px-4 py-3 text-sm text-neutral-700 svelte-e9ladz"
            >
              2025-10-10
            </td>
            
          </tr>
          
          <!---->
        </tbody>
      </table>
    </div>
  </div>
   
  <div
    class="mt-4 flex flex-wrap items-center justify-between gap-4 svelte-e9ladz"
  >
    <p
      class="text-sm text-neutral-600 svelte-e9ladz"
      data-testid="visible-items-text"
    >
      Showing 
      <span
        class="font-medium text-neutral-900"
      >
        1
      </span>
       - 
      <span
        class="font-medium text-gray-900 svelte-e9ladz"
      >
        3
      </span>
       of 
      <span
        class="font-medium text-neutral-900"
      >
        3
      </span>
    </p>
     
    <div
      class="text-xs page-size-container svelte-e9ladz"
    >
      <div
        class="flex items-center gap-4"
      >
        <label
          class="mb-1 block text-base leading-5 text-neutral-900 md:text-lg md:leading-6 min-w-max"
          for="page-size-select"
        >
          Page Size
        </label>
        <!---->
         
        <!---->
         
        <!---->
         
        <select
          class="h-9 w-full rounded-xs border border-gray-300 bg-white p-1 text-neutral-700 focus:outline-2 focus:outline-yellow-300 disabled:cursor-not-allowed disabled:bg-neutral-100 disabled:text-neutral-600 disabled:opacity-50"
          id="page-size-select"
          name="page-size-select"
        >
          <option
            class="bg-white text-neutral-900"
            data-testid="page-size-select-option"
            selected=""
            value="10"
          >
            10
          </option>
          <option
            class="bg-white text-neutral-900"
            data-testid="page-size-select-option"
            value="50"
          >
            50
          </option>
          <option
            class="bg-white text-neutral-900"
            data-testid="page-size-select-option"
            value="100"
          >
            100
          </option>
          <option
            class="bg-white text-neutral-900"
            data-testid="page-size-select-option"
            value="250"
          >
            250
          </option>
          <option
            class="bg-white text-neutral-900"
            data-testid="page-size-select-option"
            value="500"
          >
            500
          </option>
          
        </select>
      </div>
      <!---->
    </div>
     
    <nav
      aria-label="Pagination"
      class="flex items-center gap-1"
    >
      <!---->
      <button
        aria-label="Previous Page"
        aria-pressed="false"
        class="text-xs cursor-pointer rounded-md py-0.5 px-1 border border-transparent transition-colors duration-300 self-start inline-flex gap-1 items-center hover:bg-gray-100 disabled disabled:bg-gray-200 disabled:text-gray-400 disabled:cursor-not-allowed disabled:hover:bg-gray-200 disabled:hover:border-gray-300 disabled:hover:text-gray-400 svelte-1d0mdzt"
        data-variant="ghost"
        disabled=""
        role="button"
        tabindex="0"
      >
        <!---->
        <!---->
        Previous
        
        
        
      </button>
      
      <!---->
       
      <span
        aria-current="page"
        class="px-2 text-xs text-neutral-600"
        data-testid="current-page"
      >
        Page 1 of 1
      </span>
       
      <!---->
      <button
        aria-label="Next Page"
        aria-pressed="false"
        class="text-xs cursor-pointer rounded-md py-0.5 px-1 border border-transparent transition-colors duration-300 self-start inline-flex gap-1 items-center hover:bg-gray-100 disabled disabled:bg-gray-200 disabled:text-gray-400 disabled:cursor-not-allowed disabled:hover:bg-gray-200 disabled:hover:border-gray-300 disabled:hover:text-gray-400 svelte-1d0mdzt"
        data-variant="ghost"
        disabled=""
        role="button"
        tabindex="0"
      >
        <!---->
        <!---->
        Next
        
        
        
      </button>
      
      <!---->
    </nav>
  </div>
  <!---->
  
</div>
`;
